// Jest Snapshot v1, https://goo.gl/fbAQLP

exports[`<Main /> it should render the heading 1`] = `
<h1
  class="styles__Title-sc-dzx1ao-2 iwViSR"
>
  React Avan√ßado
</h1>
`;
